(base) daizoogawa@dacbook git_challenge % cd /Applications/MAMP/htdocs/git_challenge
(base) daizoogawa@dacbook git_challenge % git init
Initialized empty Git repository in /Applications/MAMP/htdocs/git_challenge/.git/
(base) daizoogawa@dacbook git_challenge % git add .
(base) daizoogawa@dacbook git_challenge % git commit -m "hello_world.txtを追加"
[main (root-commit) d8971a1] hello_world.txtを追加
 1 file changed, 1 insertion(+)
 create mode 100644 hello_world.txt
(base) daizoogawa@dacbook git_challenge % git add .
(base) daizoogawa@dacbook git_challenge % git commit -m "日本語訳を追記"
[main 2abc804] 日本語訳を追記
 1 file changed, 2 insertions(+), 1 deletion(-)
(base) daizoogawa@dacbook git_challenge % git status
On branch main
nothing to commit, working tree clean
(base) daizoogawa@dacbook git_challenge % git log --oneline
2abc804 (HEAD -> main) 日本語訳を追記
d8971a1 hello_world.txtを追加
(base) daizoogawa@dacbook git_challenge % 
